npm error code ERESOLVE
npm error ERESOLVE could not resolve
npm error
npm error While resolving: echarts-for-react@3.0.2
npm error Found: echarts@6.0.0
npm error node_modules/echarts
npm error   echarts@"^6.0.0" from the root project
npm error
npm error Could not resolve dependency:
npm error peer echarts@"^3.0.0 || ^4.0.0 || ^5.0.0" from echarts-for-react@3.0.2
npm error node_modules/echarts-for-react
npm error   echarts-for-react@"^3.0.2" from the root project
npm error
npm error Conflicting peer dependency: echarts@5.6.0
npm error node_modules/echarts
npm error   peer echarts@"^3.0.0 || ^4.0.0 || ^5.0.0" from echarts-for-react@3.0.2
npm error   node_modules/echarts-for-react
npm error     echarts-for-react@"^3.0.2" from the root project
npm error
npm error Fix the upstream dependency conflict, or retry
npm error this command with --force or --legacy-peer-deps
npm error to accept an incorrect (and potentially broken) dependency resolution.
npm error
npm error
npm error For a full report see:
npm error /home/david/.npm/_logs/2026-01-06T20_04_34_863Z-eresolve-report.txt
npm error A complete log of this run can be found in: /home/david/.npm/_logs/2026-01-06T20_04_34_863Z-debug-0.log
